// Jest Snapshot v1, https://goo.gl/fbAQLP

exports[`<Display /> display matches snapshot 1`] = `
<div>
  <div
    class="count-box"
  >
    <div>
      <h1
        class="count-number"
      >
        Balls: 
      </h1>
    </div>
    <div>
      <h1
        class="count-number"
      >
        Strikes: 
      </h1>
    </div>
  </div>
</div>
`;
